---
source: crates/compiler/tests/target_output_test.rs
expression: "read_file(out_dir.join(\"..\").join(tsconfig))"
---
{
  "compilerOptions": {
    "allowArbitraryExtensions": true,
    "allowImportingTsExtensions": true,
    "allowJs": true,
    "allowSyntheticDefaultImports": true,
    "declaration": true,
    "declarationMap": false,
    "emitDeclarationOnly": true,
    "esModuleInterop": true,
    "experimentalDecorators": false,
    "forceConsistentCasingInFileNames": true,
    "isolatedModules": true,
    "lib": [
      "dom",
      "es2016"
    ],
    "module": "es2015",
    "moduleResolution": "nodenext",
    "noEmitOnError": true,
    "outDir": "./es2016",
    "pretty": true,
    "removeComments": true,
    "resolveJsonModule": true,
    "resolvePackageJsonExports": false,
    "resolvePackageJsonImports": false,
    "rootDir": "../src",
    "skipLibCheck": true,
    "sourceMap": false,
    "strict": true,
    "target": "es2016"
  },
  "include": [
    "../src/**/*"
  ]
}
